// Jest Snapshot v1, https://goo.gl/fbAQLP

exports[`Test Relay Components Fragment 1`] = `"Loading..."`;
